alksdkajsd